[themes.cmsmasters.net/indexc61f.html]
[backblue.gif]
[fade.gif]
[index.html]
[themes.cmsmasters.net/css/style.css]
[code.jquery.com/jquery-migrate-1.2.1.min.js]
[themes.cmsmasters.net/images/logo.png]
[themes.cmsmasters.net/images/logo_text.png]
[s3.envato.com/files/245691661/01-blogosphere_preview_discount.__large_preview.jpg]
[code.jquery.com/jquery-1.11.3.min.js]
[s3.envato.com/files/245033628/01_bambini-preview.__large_preview.png]
[s3.envato.com/files/244109509/01_devicer-preview.__large_preview.jpg]
[s3.envato.com/files/243570794/01_solfeggio-preview.__large_preview.jpg]
[s3.envato.com/files/243781817/01_axel-preview-discount.__large_preview.jpg]
[s3.envato.com/files/241529057/galleria-metropolia-preview.__large_preview.png]
[s3.envato.com/files/238990588/denta-preview.__large_preview.jpg]
[s3.envato.com/files/239881646/schule-preview.__large_preview.jpg]
[s3.envato.com/files/238731585/start-it-preview.__large_preview.jpg]
[s3.envato.com/files/238704159/salvation-preview.__large_preview.jpg]
[s3.envato.com/files/238014314/green-planet-preview.__large_preview.png]
[s3.envato.com/files/237823647/cash-bay-preview.__large_preview.jpg]
[s3.envato.com/files/237728850/alister-bank-preview.__large_preview.jpg]
[s3.envato.com/files/232703154/sports-store-preview-discount.__large_preview.jpg]
[s3.envato.com/files/234132032/the-newspaper-preview.__large_preview.png]
[s3.envato.com/files/232926245/lens-photography-preview.__large_preview.jpg]
[s3.envato.com/files/233114345/luxury-spa-preview.__large_preview.png]
[s3.envato.com/files/233115536/le-cafe-preview-discount.__large_preview.jpg]
[s3.envato.com/files/232229282/do-yoga-preview-discount.__large_preview.png]
[s3.envato.com/files/231839196/good-food-preview-discount.__large_preview.jpg]
[s3.envato.com/files/231296994/theater-preview.__large_preview.jpg]
[s3.envato.com/files/230513245/handyman-services-preview.__large_preview.jpg]
[s3.envato.com/files/231384445/food-market-preview-discount.__large_preview.jpg]
[s3.envato.com/files/230539486/porter-pub-preview.__large_preview.jpg]
[s3.envato.com/files/229782848/children-charity-preview-discount.__large_preview.jpg]
[0.s3.envato.com/files/136169360/eco-nature-html-preview.__large_preview.jpg]
[0.s3.envato.com/files/136171503/law-business-html-preview.__large_preview.jpg]
[0.s3.envato.com/files/133755252/montmartre-screenshot.__large_preview.jpg]
[0.s3.envato.com/files/130252054/politics-political-wp-theme.__large_preview.jpg]
[0.s3.envato.com/files/121584537/pet-rescue-preview.__large_preview.jpg]
[0.s3.envato.com/files/117848925/garage-auto-car.__large_preview.jpg]
[0.s3.envato.com/files/114367635/agrofields-food-shop-theme-preview.__large_preview.jpg]
[0.s3.envato.com/files/107331864/social-activity-preview.__large_preview.jpg]
[0.s3.envato.com/files/100217856/preview.__large_preview.jpg]
[0.s3.envato.com/files/98125013/prevew.__large_preview.jpg]
[0.s3.envato.com/files/93998022/preview.__large_preview.jpg]
[0.s3.envato.com/files/89663729/preview.__large_preview.jpg]
[0.s3.envato.com/files/81094840/preview.__large_preview.jpg]
[0.s3.envato.com/files/69463211/preview.__large_preview.jpg]
[0.s3.envato.com/files/63957147/preview.__large_preview.jpg]
[0.s3.envato.com/files/57796463/screan-main-html.__large_preview.jpg]
[0.s3.envato.com/files/56821455/screan-main.__large_preview.jpg]
[www.google-analytics.com/analytics.js]
[themes.cmsmasters.net/indexc61f.html]
[themes.cmsmasters.net/images/buy.png]
[themes.cmsmasters.net/images/close.png]
[themes.cmsmasters.net/css/style.css]
[image-tf.s3.envato.com/files/229114384/flower-shop-discount-preview-new.__large_preview.jpg]
[image-tf.s3.envato.com/files/228763978/hotel-lux-preview-discount-new.__large_preview.jpg]
[image-tf.s3.envato.com/files/228007372/lookbook-preview-discount.__large_preview.jpg]
[image-tf.s3.envato.com/files/227246512/see-my-cv-preview-discount.__large_preview.jpg]
[image-tf.s3.envato.com/files/225209655/startup-company-preview-discount.__large_preview.jpg]
[image-tf.s3.envato.com/files/224165813/my-church-preview-discount.__large_preview.jpg]
[image-tf.s3.envato.com/files/224838071/creative-lab-preview.__large_preview.jpg]
[image-tf.s3.envato.com/files/223210860/healthy-pregnancy-preview-discount.__large_preview.jpg]
[image-tf.s3.envato.com/files/222509468/charity-ngo-preview-discount.__large_preview.jpg]
[image-tf.s3.envato.com/files/221727175/handmade-shop-preview-discount.__large_preview.jpg]
[image-tf.s3.envato.com/files/220488650/preview-discount.__large_preview.jpg]
[image-tf.s3.envato.com/files/221401144/accessories-shop-preview-sale-fixed.__large_preview.jpg]
[image-tf.s3.envato.com/files/220716199/dream-city-preview-discount.__large_preview.jpg]
[image-tf.s3.envato.com/files/220333032/top-model-preview-discount.__large_preview.jpg]
[image-tf.s3.envato.com/files/220486660/preview.__large_preview.jpg]
[image-tf.s3.envato.com/files/219714507/green-farm-preview.__large_preview.jpg]
[image-tf.s3.envato.com/files/216764473/driving-school-preview.__large_preview.jpg]
[image-tf.s3.envato.com/files/218653850/happy-events-preview.__large_preview.jpg]
[image-tf.s3.envato.com/files/216241570/business-consulting.__large_preview.jpg]
[image-tf.s3.envato.com/files/214974321/total-school-preview.__large_preview.jpg]
[image-tf.s3.envato.com/files/205702007/pizza-restaurant-preview.__large_preview.jpg]
[image-tf.s3.envato.com/files/209779377/hosting-business-preview-sale.__large_preview.jpg]
[image-tf.s3.envato.com/files/208679684/medical-clinic-preview.__large_preview.jpg]
[image-tf.s3.envato.com/files/205436475/buzz-club-preview.__large_preview.jpg]
[image-tf.s3.envato.com/files/203732032/healthy-living-preview.__large_preview.jpg]
[image-tf.s3.envato.com/files/203092918/be-fit-preview.__large_preview.jpg]
[image-tf.s3.envato.com/files/201832188/seo-business-preview.__large_preview.jpg]
[image-tf.s3.envato.com/files/201396408/in-conference-preview.__large_preview.jpg]
[image-tf.s3.envato.com/files/201346484/payday-loans-preview-new.__large_preview.jpg]
[image-tf.s3.envato.com/files/200976711/my-religion-preview-new.__large_preview.jpg]
[image-tf.s3.envato.com/files/199654163/eco-press-preview.__large_preview.jpg]
[image-tf.s3.envato.com/files/194354004/hair-beauty-preview.__large_preview.jpg]
[image-tf.s3.envato.com/files/194161467/travel-time-preview.__large_preview.jpg]
[image-tf.s3.envato.com/files/194166888/kids-preview.__large_preview.jpg]
[image-tf.s3.envato.com/files/185052921/all-business-preview.__large_preview.jpg]
[image-tf.s3.envato.com/files/189506122/dance-studio-preview.__large_preview.jpg]
[image-tf.s3.envato.com/files/184504355/psychology-help-preview.__large_preview.jpg]
[image-tf.s3.envato.com/files/185048765/logistic-business-preview.__large_preview.jpg]
[image-tf.s3.envato.com/files/177174414/be-clean-preview.__large_preview.jpg]
[image-tf.s3.envato.com/files/177713997/salinger-blog-preview.__large_preview.jpg]
[image-tf.s3.envato.com/files/176671925/construction-pro-preview.__large_preview.jpg]
[image-tf.s3.envato.com/files/170796459/wellness-spa-preview.__large_preview.jpg]
[image-tf.s3.envato.com/files/171538546/learning-education-preview.__large_preview.jpg]
[image-tf.s3.envato.com/files/160004228/sports-club_preview.__large_preview.jpg]
[image-tf.s3.envato.com/files/165942567/shopping-mall-preview.__large_preview.jpg]
[image-tf.s3.envato.com/files/161625042/interior-design-preview.__large_preview.jpg]
[image-tf.s3.envato.com/files/156058298/music-band-preview.__large_preview.jpg]
[image-tf.s3.envato.com/files/154828644/dental-clinic-preview.__large_preview.jpg]
[image-tf.s3.envato.com/files/148795997/yoga-fit-theme-preview.__large_preview.jpg]
[image-tf.s3.envato.com/files/145357342/medicine-plus-medical-wp.__large_preview.jpg]
[image-tf.s3.envato.com/files/142883707/finance-business-theme-preview.__large_preview.jpg]
[image-tf.s3.envato.com/files/141767991/welfare-ngo-preview.__large_preview.jpg]
